{
    "versions": {
        "content": [
            [
                "versions.yml:md5,6873ac91b912893cf59eb2faab94a9aa"
            ]
        ],
        "meta": {
            "nf-test": "0.9.3",
            "nextflow": "25.10.3"
        },
        "timestamp": "2026-05-25T16:11:37.406993"
    }
}