{
    "test profile - stub run": {
        "content": [
            {
                "SIEVE_ABLATION_COMPARE": {
                    "python": "stub"
                },
                "SIEVE_COMPARE_ATTRIBUTIONS": {
                    "sieve": "stub"
                },
                "SIEVE_CREATE_NULL_BASELINE": {
                    "sieve": "stub"
                },
                "SIEVE_EXPLAIN_NULL": {
                    "sieve": "stub"
                },
                "SIEVE_EXPLAIN_REAL": {
                    "sieve": "stub"
                },
                "SIEVE_INFER_SEX": {
                    "sieve": "stub"
                },
                "SIEVE_PREPROCESS": {
                    "sieve": "stub"
                },
                "SIEVE_SELECT_BEST_CHECKPOINT": {
                    "python": "stub"
                },
                "SIEVE_SELECT_BEST_PARAMS": {
                    "python": "stub"
                },
                "SIEVE_TRAIN_CV": {
                    "sieve": "stub"
                },
                "SIEVE_TRAIN_SINGLE_ABLATION": {
                    "sieve": "stub"
                },
                "SIEVE_TRAIN_SINGLE_GRID": {
                    "sieve": "stub"
                },
                "SIEVE_TRAIN_SINGLE_NULL": {
                    "sieve": "stub"
                },
                "SIEVE_VALIDATE_DISCOVERIES": {
                    "sieve": "stub"
                },
                "SIEVE_VALIDATE_EPISTASIS": {
                    "sieve": "stub"
                },
                "Workflow": {
                    "nf-core/sieve": "v1.0.0dev"
                }
            }
        ],
        "meta": {
            "nf-test": "0.9.3",
            "nextflow": "25.10.3"
        },
        "timestamp": "2026-02-12T07:24:49.837187"
    }
}
